Generating Abstract Syntaxic Tree
Programme:
 Fonction: Name=main TypeRetour=0
     Bloc:
      Instruction: Declaration: Name=a Type=1
      Instruction: Affectation:  Variable: Type=0 Valeur=a  Operateur=0 Expression: Variable: Type=1 Valeur=3 
      Instruction: Affectation:  Variable: Type=0 Valeur=a  Operateur=5 Expression: Variable: Type=1 Valeur=2 


Fin
