Programme:
 Fonction: Name=main TypeRetour=0
     Bloc:
      Instruction: Declaration: Name=a Type=1
      Instruction: Affectation:  Variable: Type=0 Valeur=a  Operateur=0 Expression: Variable: Type=1 Valeur=10 
      Instruction: While: Condition=Expression: OperationBinaire: Expression: Variable: Type=0 Valeur=a  Operateur=19 Expression: Variable: Type=1 Valeur=0 
     Bloc:
      Instruction: Affectation:  Variable: Type=0 Valeur=a  Operateur=0 Expression: OperationBinaire: Expression: Variable: Type=0 Valeur=a  Operateur=14 Expression: Variable: Type=1 Valeur=1 





Fin
