Programme:
 Fonction: Name=main TypeRetour=0
     Bloc:
      Instruction: Declaration: Name=a Type=1
      Instruction: Affectation:  Variable: Type=0 Valeur=a  Operateur=0 Expression: Variable: Type=1 Valeur=1 
      Instruction: If: Condition=Expression: OperationBinaire: Expression: Variable: Type=0 Valeur=a  Operateur=18 Expression: Variable: Type=1 Valeur=1 
     Bloc:
      Instruction: Affectation:  Variable: Type=0 Valeur=a  Operateur=0 Expression: Variable: Type=1 Valeur=2 

     Else: 
     Bloc:
      Instruction: If: Condition=Expression: OperationBinaire: Expression: Variable: Type=0 Valeur=a  Operateur=18 Expression: Variable: Type=1 Valeur=2 
     Bloc:
      Instruction: Affectation:  Variable: Type=0 Valeur=a  Operateur=0 Expression: Variable: Type=1 Valeur=3 






Fin
