Programme:
 Fonction: Name=main TypeRetour=0
     Bloc:
      Instruction: DeclarationTab: Name=a Type=1 Size=10
      Instruction: Affectation:  VariableIndex: Type=0 Valeur=a Tab=Expression: Variable: Type=1 Valeur=0  Operateur=0 Expression: Variable: Type=1 Valeur=0
      Instruction: Affectation:  VariableIndex: Type=0 Valeur=a Tab=Expression: Variable: Type=1 Valeur=1  Operateur=0 Expression: Variable: Type=1 Valeur=1


Fin
