Programme:
 Fonction: Name=main TypeRetour=0
     Bloc:


Fin
