Generating Abstract Syntaxic Tree
Programme:
 Declaration: Name=a Type=3
 Fonction: Name=main TypeRetour=0
     Bloc:


Fin
