Programme:
 Declaration: Name=a Type=3
 Declaration: Name=b Type=3
 Fonction: Name=main TypeRetour=0
     Bloc:


Fin
