Generating Abstract Syntaxic Tree
Programme:
 Declaration: Name=a Type=3
 Fonction: Name=main TypeRetour=0
     Bloc:
      Instruction: Declaration: Name=b Type=3


Fin
