Programme:
 Fonction: Name=func TypeRetour=1
     Bloc:


Fin
