Programme:
 Fonction: Name=func TypeRetour=2
     Bloc:


Fin
