Programme:
 Fonction: Name=func TypeRetour=3
     Bloc:


Fin
