Programme:
 Declaration: Name=n Type=3
 Fonction: Name=main TypeRetour=2
     Param:
      Declaration: Name=n Type=3
     Bloc:
      Instruction: Declaration: Name=n Type=3
      Instruction: AppelFunction: Name=test


Fin
