Programme:
 Fonction: Name=main TypeRetour=0
     Bloc:
      Instruction: RetourFonction: Expression: Variable: Type=0 Valeur=name 


Fin
