Generating Abstract Syntaxic Tree
Programme:
 Fonction: Name=main TypeRetour=0
     Bloc:
      Instruction: RetourFonction: Expression: Variable: Type=1 Valeur=8 


Fin
