Generating Abstract Syntaxic Tree
Programme:
 Fonction: Name=main TypeRetour=0
     Bloc:
      Instruction: RetourFonction: Expression: Variable: Type=2 Valeur='a' 


Fin
