Programme:
 Fonction: Name=main TypeRetour=0
     Bloc:
      Instruction: RetourFonction: Expression: AppelFunction: Name=fun Variable: Type=0 Valeur=test 



Fin
